// Jest Snapshot v1, https://goo.gl/fbAQLP

exports[`SudorApp component testing render correctly SudorApp component 1`] = `
Array [
  <div
    className="Toastify"
  />,
  <h1>
    Sudor Application
  </h1>,
  <div
    className="container"
  >
    <div
      className="row"
    >
      <div
        className="col-sm"
      >
        <h3>
          Trainers
        </h3>
        <table
          className="table"
        >
          <thead>
            <tr>
              <th>
                Trainer Name
              </th>
              <th />
            </tr>
          </thead>
          <tbody />
        </table>
        <div
          className="row"
        >
          <button
            className="btn btn-success"
            onClick={[Function]}
          >
            Add Trainer
          </button>
        </div>
      </div>
      <div
        className="col-sm"
      />
    </div>
  </div>,
]
`;
