// Jest Snapshot v1, https://goo.gl/fbAQLP

exports[`TrainersTable component testing render correctly TrainersTable component 1`] = `
<div
  className="col-sm"
>
  <h3>
    Trainers
  </h3>
  <table
    className="table"
  >
    <thead>
      <tr>
        <th>
          Trainer Name
        </th>
        <th />
      </tr>
    </thead>
    <tbody>
      <tr
        style={Object {}}
      >
        <td>
          Tom
        </td>
        <td>
          <button
            className="btn btn-primary btn-sm"
            onClick={[Function]}
          >
            Show Workouts
          </button>
        </td>
      </tr>
    </tbody>
  </table>
  <div
    className="row"
  >
    <button
      className="btn btn-success"
      onClick={[Function]}
    >
      Add Trainer
    </button>
  </div>
</div>
`;
