// Jest Snapshot v1, https://goo.gl/fbAQLP

exports[`WorkoutsTable component testing render correctly WorkoutsTable component 1`] = `
<div
  className="col-sm"
>
  <h3>
    Workouts of 
    <span
      style={
        Object {
          "color": "red",
        }
      }
    >
      Tom
    </span>
  </h3>
  <table
    className="table"
  >
    <thead>
      <tr>
        <th>
          Workout Name
        </th>
      </tr>
    </thead>
    <tbody>
      <tr>
        <td>
          wo1
        </td>
      </tr>
    </tbody>
  </table>
  <div
    className="d-flex flex-row-reverse"
  >
    <button
      className="btn btn-success"
      onClick={[Function]}
    >
      Add Workout
    </button>
  </div>
</div>
`;
